// Jest Snapshot v1, https://goo.gl/fbAQLP

exports[`GifGridItem Test should pass props 1`] = `
<div>
  <div
    class="card"
  >
    <img
      alt="Saitama"
      src="https://pruebaurl.com"
    />
    <p>
      Saitama
    </p>
  </div>
</div>
`;
